[0m11:23:51.591764 [debug] [MainThread]: Sending event: {'category': 'dbt', 'action': 'invocation', 'label': 'start', 'context': [<snowplow_tracker.self_describing_json.SelfDescribingJson object at 0x10e2a4eb0>, <snowplow_tracker.self_describing_json.SelfDescribingJson object at 0x10f1f3ac0>, <snowplow_tracker.self_describing_json.SelfDescribingJson object at 0x10f1f0760>]}


============================== 11:23:51.597316 | 63e3b9c5-0a9f-4ff7-aa32-6a4cf55ce6c6 ==============================
[0m11:23:51.597316 [info ] [MainThread]: Running with dbt=1.11.3
[0m11:23:51.597760 [debug] [MainThread]: running dbt with arguments {'send_anonymous_usage_stats': 'True', 'warn_error': 'None', 'introspect': 'True', 'use_experimental_parser': 'False', 'version_check': 'True', 'empty': 'None', 'invocation_command': 'dbt init toast_model', 'target_path': 'None', 'fail_fast': 'False', 'use_colors': 'True', 'log_path': 'logs', 'log_format': 'default', 'partial_parse': 'True', 'debug': 'False', 'profiles_dir': '/Users/chaupham/.dbt', 'indirect_selection': 'eager', 'quiet': 'False', 'log_cache_events': 'False', 'write_json': 'True', 'printer_width': '80', 'cache_selected_only': 'False', 'no_print': 'None', 'static_parser': 'True', 'warn_error_options': 'WarnErrorOptionsV2(error=[], warn=[], silence=[])'}
[0m11:23:51.609834 [debug] [MainThread]: Starter project path: /opt/miniconda3/envs/dbt_toast/lib/python3.10/site-packages/dbt/include/starter_project
[0m11:23:51.615403 [info ] [MainThread]: 
Your new dbt project "toast_model" was created!

For more information on how to configure the profiles.yml file,
please consult the dbt documentation here:

  https://docs.getdbt.com/docs/configure-your-profile

One more thing:

Need help? Don't hesitate to reach out to us via GitHub issues or on Slack:

  https://community.getdbt.com/

Happy modeling!

[0m11:23:51.615669 [info ] [MainThread]: Setting up your profile.
[0m11:24:07.243832 [debug] [MainThread]: Resource report: {"command_name": "init", "command_success": true, "command_wall_clock_time": 15.741328, "process_in_blocks": "0", "process_kernel_time": 0.529667, "process_mem_max_rss": "104181760", "process_out_blocks": "0", "process_user_time": 0.955049}
[0m11:24:07.244665 [debug] [MainThread]: Command `dbt init` succeeded at 11:24:07.244433 after 15.74 seconds
[0m11:24:07.245010 [debug] [MainThread]: Sending event: {'category': 'dbt', 'action': 'invocation', 'label': 'end', 'context': [<snowplow_tracker.self_describing_json.SelfDescribingJson object at 0x10e2a4eb0>, <snowplow_tracker.self_describing_json.SelfDescribingJson object at 0x10f137ac0>, <snowplow_tracker.self_describing_json.SelfDescribingJson object at 0x10f1f29b0>]}
[0m11:24:07.245319 [debug] [MainThread]: Flushing usage events
[0m11:24:07.502891 [debug] [MainThread]: An error was encountered while trying to flush usage events
